[2026-04-08 06:36:49] [INFO] ============================================================
[2026-04-08 06:36:49] [INFO] XPO Billing RPA - Starting
[2026-04-08 06:36:49] [INFO] ============================================================
[2026-04-08 06:36:49] [INFO] Step 1/5 — Setting up browser
[2026-04-08 06:36:49] [INFO] Download folder: Z:\xpo_rpa_v8\xpo_rpa\downloads\2026-04-08
[2026-04-08 06:36:53] [INFO] Browser ready.
[2026-04-08 06:36:53] [INFO] Step 2/5 — Logging in
[2026-04-08 06:36:53] [INFO] Opening: https://ext-web.ltl-xpo.com/app/home/shipments
[2026-04-08 06:37:30] [INFO] Username entered.
[2026-04-08 06:37:30] [INFO] Password entered.
[2026-04-08 06:37:30] [INFO] Login submitted.
[2026-04-08 06:37:35] [INFO] Logged in. URL: https://ext-web.ltl-xpo.com/auth#id_token=eyJhbGciOiJSUzI1NiIsImtpZCI6IjJEQTBEMzgxMjNENjI3QUI2OUU3QTIzMjE4MEYxODE0NDYxMDEwM0MiLCJ0eXAiOiJKV1QiLCJ4NXQiOiJMYURUZ1NQV0o2dHA1Nkl5R0E4WUZFWVFFRHcifQ.eyJuYmYiOjE3NzU2NTU0NTIsImV4cCI6MTc3NTY1NTc1MiwiaXNzIjoiaHR0cHM6Ly9pZC54cG8uY29tIiwiYXVkIjoibHRsLWV4dC13ZWIiLCJub25jZSI6IjdmNmM4YjI0ZjZmNTQ0YjhhNjhhOGQ4NjIxNjA4ODIzIiwiaWF0IjoxNzc1NjU1NDUyLCJhdF9oYXNoIjoiTDZhSU5yWllHTGxOd2hKUGlQMDN4QSIsInNfaGFzaCI6Inp4UVRseEJXeUpxVHJpcmdySlFoeFEiLCJzaWQiOiJ5Q0FEdzVYN1RTNnE5OTRpOGlLRnZ3Iiwic3ViIjoidHNueWRlcjpvaWRjLWxkYXAtdGl2IiwiYXV0aF90aW1lIjoxNzc1NjU1NDUyLCJpZHAiOiJvaWRjLWxkYXAtdGl2IiwiYW1yIjpbImV4dGVybmFsIl19.XG8tHZIrYq--MAVbnWoIpRjNqE0hprsJ7B6sCZxfqkuTsj05RsGZy3MKxzzG1Ftz6SAI50KGNg08OQFEHnyUowCXThOVbqyAnp7ZlB09f7vTIlyw8edMbl9c1Py09X4u2mslFs-R32sUpk-VqlmSYG0fNbiCVNykH6qeh8X1-HihXzLRk-SSPAYOSgWxNJ59N5HvN3xUdQ4C_FtK1Wvto7zsWXuGxUD_Y3G_A-nPfN9zPcUyux27Se2k3F2kGflmqLdNO4y3YcYooWIOw709vM0ADbGbmPHbBud9h_RWf56lNMmZt1t3mJOWq5WVkR9KiIPqzfKZVSnVfu0THomNgA&access_token=eyJhbGciOiJSUzI1NiIsImtpZCI6IjJEQTBEMzgxMjNENjI3QUI2OUU3QTIzMjE4MEYxODE0NDYxMDEwM0MiLCJ0eXAiOiJKV1QiLCJ4NXQiOiJMYURUZ1NQV0o2dHA1Nkl5R0E4WUZFWVFFRHcifQ.eyJuYmYiOjE3NzU2NTU0NTIsImV4cCI6MTc3NTY2MjY1MiwiaXNzIjoiaHR0cHM6Ly9pZC54cG8uY29tIiwiYXVkIjpbImh0dHBzOi8vaWQueHBvLmNvbS9yZXNvdXJjZXMiLCJ4cG8tYXV0aC1hcGkiLCJsdGwtY29ubmVjdC1hcGkiLCJsdGwtd2ViLWRvdG5ldC1hcGkiLCJ4cG8tcGFydG5lci1tYXN0ZXItYXBpIiwibHRsLXdlYi1wdWItaHJjIl0sImNsaWVudF9pZCI6Imx0bC1leHQtd2ViIiwic3ViIjoidHNueWRlcjpvaWRjLWxkYXAtdGl2IiwiYXV0aF90aW1lIjoxNzc1NjU1NDUyLCJpZHAiOiJvaWRjLWxkYXAtdGl2IiwidXBuIjoidHNueWRlciIsImV4dGVybmFsX2lkZW50aWZpZXIiOiJ0c255ZGVyIiwibmFtZSI6IlRhbnlhIFNueWRlciIsInNjb3BlIjpbIm9wZW5pZCIsImVtYWlsIiwibmFtZSIsInhwby1hdXRoLWFwaSIsImx0bC1jb25uZWN0LWFwaSIsImx0bC13ZWItZG90bmV0LWFwaSIsInhwby1wYXJ0bmVyLW1hc3Rlci1hcGkiLCJsdGwtd2ViLXB1Yi1ocmMiXSwiYW1yIjpbImV4dGVybmFsIl19.BwZ87i3on0bfuT9nM33OsN6cQ72-Hux2g4jcMEtkm8o0voonwWV11YNj6NethnsVBI_OYtzdJZVKfKze8MbzbApjkUDq7ZBbjgGMIGcb0QW53upY0O2UemUTHRTf88RZQoD-JWWrtSSKoIIxuEwAkJXAcX-8vcBWbJjoFZ1h2qE_1EGhlLDbS-tpM5Z6cqHjIpChI3DKJytWcOe9ldzfeizHwDxzf1NP-E7TUQ93x1EMF3gklGXyH8Cs9r_JdFJFSxN_DNDqEHztLo9pcszQgAeduP3guJptyDu-ZTeHqcerEMwli-7jypJOpgEQKbmxAjdDl5VETLRcYiucB3q_Zw&token_type=Bearer&expires_in=7200&scope=openid%20email%20name%20xpo-auth-api%20ltl-connect-api%20ltl-web-dotnet-api%20xpo-partner-master-api%20ltl-web-pub-hrc&state=72e438d263ef4b5b9b69852bbd71a6dd&session_state=WkIqSl2pi8gAuqBvQNFIOYHgnSNArtJ-jcIk3_weV_Y.Oflqvq_HgwhLuXwePDYeBQ
[2026-04-08 06:37:35] [INFO] Popup watcher started.
[2026-04-08 06:37:37] [INFO] Step 3/5 — Navigating to Billing
[2026-04-08 06:37:37] [INFO] Navigating to Billing page...
[2026-04-08 06:37:42] [INFO]   [POPUP] Dismissed: 'Not Now'
[2026-04-08 06:39:09] [INFO] Waiting for invoices to load...
[2026-04-08 06:39:17] [INFO]   [POPUP] Dismissed: 'Not Now'
[2026-04-08 06:39:20] [INFO]   50 rows loaded after 6s
[2026-04-08 06:39:21] [INFO] Billing ready. URL: https://ext-web.ltl-xpo.com/app/billing
[2026-04-08 06:39:21] [INFO] Step 4/5 — Downloading ALL invoices in batches of 10
[2026-04-08 06:39:21] [INFO] 
=== Page 1 ===
[2026-04-08 06:39:22] [INFO] Reading invoice rows...
[2026-04-08 06:39:22] [INFO] Found 50 rows.
[2026-04-08 06:39:23] [INFO] Parsed 50 bills.
[2026-04-08 06:39:23] [INFO]   50 invoices on page 1
[2026-04-08 06:39:23] [INFO] 
--- Batch 1 | invoices 1–10 of page 1 ---
[2026-04-08 06:39:26] [INFO] Browser closed.
[2026-04-08 06:39:26] [ERROR] RPA failed: 'XPOBrowser' object has no attribute 'download_batch_via_checkboxes'
Traceback (most recent call last):
  File "Z:\xpo_rpa_v8\xpo_rpa\main.py", line 29, in main
    runner.run()
    ~~~~~~~~~~^^
  File "Z:\xpo_rpa_v8\xpo_rpa\rpa\runner.py", line 49, in run
    self._download_all()
    ~~~~~~~~~~~~~~~~~~^^
  File "Z:\xpo_rpa_v8\xpo_rpa\rpa\runner.py", line 149, in _download_all
    batch_results = self.browser.download_batch_via_checkboxes(chunk, batch_num)
                    ^^^^^^^^^^^^^^^^^^^^^^^^^^^^^^^^^^^^^^^^^^
AttributeError: 'XPOBrowser' object has no attribute 'download_batch_via_checkboxes'
